// Vitest Snapshot v1, https://vitest.dev/guide/snapshot.html

exports[`HotelCard > should render correctly 1`] = `
"<div data-v-c52ce958="" class="q-card__section q-card__section--vert q-pb-none">
  <div data-v-c52ce958="" class="row justify-between full-width items-center">
    <div data-v-c52ce958="" class="q-ma-none q-mb-sm row items-center q-gutter-x-sm">0 <div data-v-c52ce958="" class="q-rating row inline items-center q-rating--non-editable text-yellow" style="font-size: 18px;" role="radiogroup" aria-readonly="true">
        <div class="q-rating__icon-container flex flex-center" role="radio" aria-checked="false" aria-label="grade 1"><i class="q-icon notranslate material-icons q-rating__icon text-yellow" aria-hidden="true" role="presentation">grade</i></div>
        <div class="q-rating__icon-container flex flex-center" role="radio" aria-checked="false" aria-label="grade 2"><i class="q-icon notranslate material-icons q-rating__icon text-yellow" aria-hidden="true" role="presentation">grade</i></div>
        <div class="q-rating__icon-container flex flex-center" role="radio" aria-checked="false" aria-label="grade 3"><i class="q-icon notranslate material-icons q-rating__icon text-yellow" aria-hidden="true" role="presentation">grade</i></div>
        <div class="q-rating__icon-container flex flex-center" role="radio" aria-checked="false" aria-label="grade 4"><i class="q-icon notranslate material-icons q-rating__icon text-yellow" aria-hidden="true" role="presentation">grade</i></div>
        <div class="q-rating__icon-container flex flex-center" role="radio" aria-checked="false" aria-label="grade 5"><i class="q-icon notranslate material-icons q-rating__icon text-yellow" aria-hidden="true" role="presentation">grade</i></div>
      </div>
    </div>
    <!--v-if-->
  </div>
  <p data-v-c52ce958="" class="text-h4 q-mb-none two-lines-truncate">Hotel Teste</p>
  <p data-v-c52ce958="" class="text-grey-6 q-mb-none">Rua Exemplo, 123, São Paulo - SP, 12345-678</p>
</div>
<div data-v-c52ce958="" class="q-card__section q-card__section--vert">
  <div data-v-c52ce958="" class="q-carousel q-panel-parent q-carousel--without-padding q-carousel--arrows-horizontal no-scroll" style="height: 512px;">
    <div class="q-carousel__slides-container">
      <transition-stub appear="false" persisted="false" css="true">
        <div class="q-panel scroll" style="--q-transition-duration: 300ms;" role="tabpanel">
          <div data-v-c52ce958="" class="q-carousel__slide q-pa-none" style="height: 512px;">
            <div data-v-c52ce958="" class="q-img q-img--no-menu full-width" style="height: 512px;" role="img">
              <div style="padding-bottom: 56.24929688378895%;"></div>
              <div class="q-img__container absolute-full"><img class="q-img__image q-img__image--with-transition q-img__image--current" style="object-fit: cover; object-position: 50% 50%;" height="512px" loading="lazy" fetchpriority="auto" aria-hidden="true" draggable="false" src="image1.jpg"></div>
              <transition-stub name="q-transition--fade" appear="false" persisted="false" css="true">
                <div class="q-img__loading absolute-full flex flex-center"><svg class="q-spinner text-primary q-spinner-mat" width="1em" height="1em" viewBox="25 25 50 50">
                    <circle class="path" cx="50" cy="50" r="20" fill="none" stroke="currentColor" stroke-width="5" stroke-miterlimit="10"></circle>
                  </svg></div>
              </transition-stub>
            </div>
          </div>
        </div>
      </transition-stub>
    </div>
    <div class="q-carousel__control q-carousel__arrow q-carousel__prev-arrow q-carousel__prev-arrow--horizontal absolute flex flex-center"><button class="q-btn q-btn-item non-selectable no-outline q-btn--standard q-btn--round bg-white text-grey q-btn--actionable q-focusable q-hoverable q-btn--dense" tabindex="0" type="button" regular="true"><span class="q-focus-helper"></span><span class="q-btn__content text-center col items-center q-anchor--skip justify-center row"><i class="q-icon notranslate material-icons" aria-hidden="true" role="img">chevron_left</i></span></button></div>
    <div class="q-carousel__control q-carousel__arrow q-carousel__next-arrow q-carousel__next-arrow--horizontal absolute flex flex-center"><button class="q-btn q-btn-item non-selectable no-outline q-btn--standard q-btn--round bg-white text-grey q-btn--actionable q-focusable q-hoverable q-btn--dense" tabindex="0" type="button" regular="true"><span class="q-focus-helper"></span><span class="q-btn__content text-center col items-center q-anchor--skip justify-center row"><i class="q-icon notranslate material-icons" aria-hidden="true" role="img">chevron_right</i></span></button></div>
    <div data-v-c52ce958="" class="image-counter text-white q-px-md q-py-xs">1/2</div>
  </div>
</div>
<div data-v-c52ce958="" class="q-card__section q-card__section--vert">
  <p data-v-c52ce958="" class="text-h5">Facilidades do hotel</p>
  <hr data-v-c52ce958="" class="q-separator q-separator--horizontal" aria-orientation="horizontal">
  <div data-v-c52ce958="" class="q-my-lg amenities-grid"><span data-v-c52ce958="" class="amenity-item text-grey-6"><i data-v-c52ce958="" class="q-icon notranslate material-icons" style="font-size: 24px;" aria-hidden="true" role="presentation">room_service</i> Wi-Fi</span><span data-v-c52ce958="" class="amenity-item text-grey-6"><i data-v-c52ce958="" class="q-icon notranslate material-icons" style="font-size: 24px;" aria-hidden="true" role="presentation">bakery_dining</i> Café da manhã</span></div>
  <!--v-if-->
  <hr data-v-c52ce958="" class="q-separator q-separator--horizontal" aria-orientation="horizontal">
</div>
<div data-v-c52ce958="" class="q-card__section q-card__section--vert">
  <p data-v-c52ce958="" class="text-h5">Conheça um pouco mais</p>
  <p data-v-c52ce958="" class="text-grey-6">Descrição do hotel</p>
</div>"
`;
